Archive member included to satisfy reference by file (symbol)

/opt/st/stm32cubeide_1.5.1/plugins/com.st.stm32cube.ide.mcu.externaltools.gnu-tools-for-stm32.7-2018-q2-update.linux64_1.5.0.202011040924/tools/bin/../lib/gcc/arm-none-eabi/7.3.1/../../../../arm-none-eabi/lib/thumb/v7e-m/fpv4-sp/hard/libc_nano.a(lib_a-errno.o)
                              Core/Src/syscalls.o (__errno)
/opt/st/stm32cubeide_1.5.1/plugins/com.st.stm32cube.ide.mcu.externaltools.gnu-tools-for-stm32.7-2018-q2-update.linux64_1.5.0.202011040924/tools/bin/../lib/gcc/arm-none-eabi/7.3.1/../../../../arm-none-eabi/lib/thumb/v7e-m/fpv4-sp/hard/libc_nano.a(lib_a-exit.o)
                              /opt/st/stm32cubeide_1.5.1/plugins/com.st.stm32cube.ide.mcu.externaltools.gnu-tools-for-stm32.7-2018-q2-update.linux64_1.5.0.202011040924/tools/bin/../lib/gcc/arm-none-eabi/7.3.1/../../../../arm-none-eabi/lib/thumb/v7e-m/fpv4-sp/hard/crt0.o (exit)
/opt/st/stm32cubeide_1.5.1/plugins/com.st.stm32cube.ide.mcu.externaltools.gnu-tools-for-stm32.7-2018-q2-update.linux64_1.5.0.202011040924/tools/bin/../lib/gcc/arm-none-eabi/7.3.1/../../../../arm-none-eabi/lib/thumb/v7e-m/fpv4-sp/hard/libc_nano.a(lib_a-impure.o)
                              /opt/st/stm32cubeide_1.5.1/plugins/com.st.stm32cube.ide.mcu.externaltools.gnu-tools-for-stm32.7-2018-q2-update.linux64_1.5.0.202011040924/tools/bin/../lib/gcc/arm-none-eabi/7.3.1/../../../../arm-none-eabi/lib/thumb/v7e-m/fpv4-sp/hard/libc_nano.a(lib_a-exit.o) (_global_impure_ptr)
/opt/st/stm32cubeide_1.5.1/plugins/com.st.stm32cube.ide.mcu.externaltools.gnu-tools-for-stm32.7-2018-q2-update.linux64_1.5.0.202011040924/tools/bin/../lib/gcc/arm-none-eabi/7.3.1/../../../../arm-none-eabi/lib/thumb/v7e-m/fpv4-sp/hard/libc_nano.a(lib_a-init.o)
                              /opt/st/stm32cubeide_1.5.1/plugins/com.st.stm32cube.ide.mcu.externaltools.gnu-tools-for-stm32.7-2018-q2-update.linux64_1.5.0.202011040924/tools/bin/../lib/gcc/arm-none-eabi/7.3.1/../../../../arm-none-eabi/lib/thumb/v7e-m/fpv4-sp/hard/crt0.o (__libc_init_array)
/opt/st/stm32cubeide_1.5.1/plugins/com.st.stm32cube.ide.mcu.externaltools.gnu-tools-for-stm32.7-2018-q2-update.linux64_1.5.0.202011040924/tools/bin/../lib/gcc/arm-none-eabi/7.3.1/../../../../arm-none-eabi/lib/thumb/v7e-m/fpv4-sp/hard/libc_nano.a(lib_a-memcpy-stub.o)
                              FreeRTOS/queue.o (memcpy)
/opt/st/stm32cubeide_1.5.1/plugins/com.st.stm32cube.ide.mcu.externaltools.gnu-tools-for-stm32.7-2018-q2-update.linux64_1.5.0.202011040924/tools/bin/../lib/gcc/arm-none-eabi/7.3.1/../../../../arm-none-eabi/lib/thumb/v7e-m/fpv4-sp/hard/libc_nano.a(lib_a-memset.o)
                              /opt/st/stm32cubeide_1.5.1/plugins/com.st.stm32cube.ide.mcu.externaltools.gnu-tools-for-stm32.7-2018-q2-update.linux64_1.5.0.202011040924/tools/bin/../lib/gcc/arm-none-eabi/7.3.1/../../../../arm-none-eabi/lib/thumb/v7e-m/fpv4-sp/hard/crt0.o (memset)
/opt/st/stm32cubeide_1.5.1/plugins/com.st.stm32cube.ide.mcu.externaltools.gnu-tools-for-stm32.7-2018-q2-update.linux64_1.5.0.202011040924/tools/bin/../lib/gcc/arm-none-eabi/7.3.1/thumb/v7e-m/fpv4-sp/hard/libgcc.a(_aeabi_uldivmod.o)
                              Drivers/STM32F4xx_HAL_Driver/Src/stm32f4xx_hal_rcc.o (__aeabi_uldivmod)
/opt/st/stm32cubeide_1.5.1/plugins/com.st.stm32cube.ide.mcu.externaltools.gnu-tools-for-stm32.7-2018-q2-update.linux64_1.5.0.202011040924/tools/bin/../lib/gcc/arm-none-eabi/7.3.1/thumb/v7e-m/fpv4-sp/hard/libgcc.a(_udivmoddi4.o)
                              /opt/st/stm32cubeide_1.5.1/plugins/com.st.stm32cube.ide.mcu.externaltools.gnu-tools-for-stm32.7-2018-q2-update.linux64_1.5.0.202011040924/tools/bin/../lib/gcc/arm-none-eabi/7.3.1/thumb/v7e-m/fpv4-sp/hard/libgcc.a(_aeabi_uldivmod.o) (__udivmoddi4)
/opt/st/stm32cubeide_1.5.1/plugins/com.st.stm32cube.ide.mcu.externaltools.gnu-tools-for-stm32.7-2018-q2-update.linux64_1.5.0.202011040924/tools/bin/../lib/gcc/arm-none-eabi/7.3.1/thumb/v7e-m/fpv4-sp/hard/libgcc.a(_dvmd_tls.o)
                              /opt/st/stm32cubeide_1.5.1/plugins/com.st.stm32cube.ide.mcu.externaltools.gnu-tools-for-stm32.7-2018-q2-update.linux64_1.5.0.202011040924/tools/bin/../lib/gcc/arm-none-eabi/7.3.1/thumb/v7e-m/fpv4-sp/hard/libgcc.a(_aeabi_uldivmod.o) (__aeabi_ldiv0)

Allocating common symbols
Common symbol       size              file

xHandle2            0x4               Core/Src/main.o
uwTick              0x4               Drivers/STM32F4xx_HAL_Driver/Src/stm32f4xx_hal.o
xQueueRegistry      0x40              FreeRTOS/queue.o
pFlash              0x20              Drivers/STM32F4xx_HAL_Driver/Src/stm32f4xx_hal_flash.o
xHandle1            0x4               Core/Src/main.o
xQueue              0x4               Core/Src/main.o
htim6               0x40              Core/Src/stm32f4xx_hal_timebase_tim.o

Discarded input sections

[...]
Memory Configuration

Name             Origin             Length             Attributes
CCMRAM           0x0000000010000000 0x0000000000010000 xrw
RAM              0x0000000020000000 0x0000000000020000 xrw
FLASH            0x0000000008000000 0x0000000000100000 xr
*default*        0x0000000000000000 0xffffffffffffffff

Linker script and memory map

LOAD /opt/st/stm32cubeide_1.5.1/plugins/com.st.stm32cube.ide.mcu.externaltools.gnu-tools-for-stm32.7-2018-q2-update.linux64_1.5.0.202011040924/tools/bin/../lib/gcc/arm-none-eabi/7.3.1/thumb/v7e-m/fpv4-sp/hard/crti.o
LOAD /opt/st/stm32cubeide_1.5.1/plugins/com.st.stm32cube.ide.mcu.externaltools.gnu-tools-for-stm32.7-2018-q2-update.linux64_1.5.0.202011040924/tools/bin/../lib/gcc/arm-none-eabi/7.3.1/thumb/v7e-m/fpv4-sp/hard/crtbegin.o
LOAD /opt/st/stm32cubeide_1.5.1/plugins/com.st.stm32cube.ide.mcu.externaltools.gnu-tools-for-stm32.7-2018-q2-update.linux64_1.5.0.202011040924/tools/bin/../lib/gcc/arm-none-eabi/7.3.1/../../../../arm-none-eabi/lib/thumb/v7e-m/fpv4-sp/hard/crt0.o
LOAD Core/Src/main.o
LOAD Core/Src/stm32f4xx_hal_msp.o
LOAD Core/Src/stm32f4xx_hal_timebase_tim.o
LOAD Core/Src/stm32f4xx_it.o
LOAD Core/Src/syscalls.o
LOAD Core/Src/sysmem.o
LOAD Core/Src/system_stm32f4xx.o
LOAD Core/Startup/startup_stm32f407vgtx.o
LOAD Drivers/STM32F4xx_HAL_Driver/Src/stm32f4xx_hal.o
LOAD Drivers/STM32F4xx_HAL_Driver/Src/stm32f4xx_hal_cortex.o
LOAD Drivers/STM32F4xx_HAL_Driver/Src/stm32f4xx_hal_dma.o
LOAD Drivers/STM32F4xx_HAL_Driver/Src/stm32f4xx_hal_dma_ex.o
LOAD Drivers/STM32F4xx_HAL_Driver/Src/stm32f4xx_hal_exti.o
LOAD Drivers/STM32F4xx_HAL_Driver/Src/stm32f4xx_hal_flash.o
LOAD Drivers/STM32F4xx_HAL_Driver/Src/stm32f4xx_hal_flash_ex.o
LOAD Drivers/STM32F4xx_HAL_Driver/Src/stm32f4xx_hal_flash_ramfunc.o
LOAD Drivers/STM32F4xx_HAL_Driver/Src/stm32f4xx_hal_gpio.o
LOAD Drivers/STM32F4xx_HAL_Driver/Src/stm32f4xx_hal_pwr.o
LOAD Drivers/STM32F4xx_HAL_Driver/Src/stm32f4xx_hal_pwr_ex.o
LOAD Drivers/STM32F4xx_HAL_Driver/Src/stm32f4xx_hal_rcc.o
LOAD Drivers/STM32F4xx_HAL_Driver/Src/stm32f4xx_hal_rcc_ex.o
LOAD Drivers/STM32F4xx_HAL_Driver/Src/stm32f4xx_hal_tim.o
LOAD Drivers/STM32F4xx_HAL_Driver/Src/stm32f4xx_hal_tim_ex.o
LOAD FreeRTOS/ARM_CM4F/port.o
LOAD FreeRTOS/croutine.o
LOAD FreeRTOS/event_groups.o
LOAD FreeRTOS/heap_4.o
LOAD FreeRTOS/list.o
LOAD FreeRTOS/queue.o
LOAD FreeRTOS/stream_buffer.o
LOAD FreeRTOS/tasks.o
LOAD FreeRTOS/timers.o
START GROUP
LOAD /opt/st/stm32cubeide_1.5.1/plugins/com.st.stm32cube.ide.mcu.externaltools.gnu-tools-for-stm32.7-2018-q2-update.linux64_1.5.0.202011040924/tools/bin/../lib/gcc/arm-none-eabi/7.3.1/../../../../arm-none-eabi/lib/thumb/v7e-m/fpv4-sp/hard/libc_nano.a
LOAD /opt/st/stm32cubeide_1.5.1/plugins/com.st.stm32cube.ide.mcu.externaltools.gnu-tools-for-stm32.7-2018-q2-update.linux64_1.5.0.202011040924/tools/bin/../lib/gcc/arm-none-eabi/7.3.1/../../../../arm-none-eabi/lib/thumb/v7e-m/fpv4-sp/hard/libm.a
END GROUP
START GROUP
LOAD /opt/st/stm32cubeide_1.5.1/plugins/com.st.stm32cube.ide.mcu.externaltools.gnu-tools-for-stm32.7-2018-q2-update.linux64_1.5.0.202011040924/tools/bin/../lib/gcc/arm-none-eabi/7.3.1/thumb/v7e-m/fpv4-sp/hard/libgcc.a
LOAD /opt/st/stm32cubeide_1.5.1/plugins/com.st.stm32cube.ide.mcu.externaltools.gnu-tools-for-stm32.7-2018-q2-update.linux64_1.5.0.202011040924/tools/bin/../lib/gcc/arm-none-eabi/7.3.1/../../../../arm-none-eabi/lib/thumb/v7e-m/fpv4-sp/hard/libc_nano.a
END GROUP
START GROUP
LOAD /opt/st/stm32cubeide_1.5.1/plugins/com.st.stm32cube.ide.mcu.externaltools.gnu-tools-for-stm32.7-2018-q2-update.linux64_1.5.0.202011040924/tools/bin/../lib/gcc/arm-none-eabi/7.3.1/thumb/v7e-m/fpv4-sp/hard/libgcc.a
LOAD /opt/st/stm32cubeide_1.5.1/plugins/com.st.stm32cube.ide.mcu.externaltools.gnu-tools-for-stm32.7-2018-q2-update.linux64_1.5.0.202011040924/tools/bin/../lib/gcc/arm-none-eabi/7.3.1/../../../../arm-none-eabi/lib/thumb/v7e-m/fpv4-sp/hard/libc_nano.a
LOAD /opt/st/stm32cubeide_1.5.1/plugins/com.st.stm32cube.ide.mcu.externaltools.gnu-tools-for-stm32.7-2018-q2-update.linux64_1.5.0.202011040924/tools/bin/../lib/gcc/arm-none-eabi/7.3.1/../../../../arm-none-eabi/lib/thumb/v7e-m/fpv4-sp/hard/libnosys.a
END GROUP
START GROUP
LOAD /opt/st/stm32cubeide_1.5.1/plugins/com.st.stm32cube.ide.mcu.externaltools.gnu-tools-for-stm32.7-2018-q2-update.linux64_1.5.0.202011040924/tools/bin/../lib/gcc/arm-none-eabi/7.3.1/thumb/v7e-m/fpv4-sp/hard/libgcc.a
LOAD /opt/st/stm32cubeide_1.5.1/plugins/com.st.stm32cube.ide.mcu.externaltools.gnu-tools-for-stm32.7-2018-q2-update.linux64_1.5.0.202011040924/tools/bin/../lib/gcc/arm-none-eabi/7.3.1/../../../../arm-none-eabi/lib/thumb/v7e-m/fpv4-sp/hard/libc_nano.a
LOAD /opt/st/stm32cubeide_1.5.1/plugins/com.st.stm32cube.ide.mcu.externaltools.gnu-tools-for-stm32.7-2018-q2-update.linux64_1.5.0.202011040924/tools/bin/../lib/gcc/arm-none-eabi/7.3.1/../../../../arm-none-eabi/lib/thumb/v7e-m/fpv4-sp/hard/libnosys.a
END GROUP
LOAD /opt/st/stm32cubeide_1.5.1/plugins/com.st.stm32cube.ide.mcu.externaltools.gnu-tools-for-stm32.7-2018-q2-update.linux64_1.5.0.202011040924/tools/bin/../lib/gcc/arm-none-eabi/7.3.1/thumb/v7e-m/fpv4-sp/hard/crtend.o
LOAD /opt/st/stm32cubeide_1.5.1/plugins/com.st.stm32cube.ide.mcu.externaltools.gnu-tools-for-stm32.7-2018-q2-update.linux64_1.5.0.202011040924/tools/bin/../lib/gcc/arm-none-eabi/7.3.1/thumb/v7e-m/fpv4-sp/hard/crtn.o
                0x0000000020020000                _estack = (ORIGIN (RAM) + LENGTH (RAM))
                0x0000000000000200                _Min_Heap_Size = 0x200
                0x0000000000000400                _Min_Stack_Size = 0x400

.isr_vector     0x0000000008000000      0x188
                0x0000000008000000                . = ALIGN (0x4)
 *(.isr_vector)
 .isr_vector    0x0000000008000000      0x188 Core/Startup/startup_stm32f407vgtx.o
                0x0000000008000000                g_pfnVectors
                0x0000000008000188                . = ALIGN (0x4)

.text           0x0000000008000190     0x445c
                0x0000000008000190                . = ALIGN (0x4)
 *(.text)
 .text          0x0000000008000190       0x40 /opt/st/stm32cubeide_1.5.1/plugins/com.st.stm32cube.ide.mcu.externaltools.gnu-tools-for-stm32.7-2018-q2-update.linux64_1.5.0.202011040924/tools/bin/../lib/gcc/arm-none-eabi/7.3.1/thumb/v7e-m/fpv4-sp/hard/crtbegin.o
 .text          0x00000000080001d0       0x30 /opt/st/stm32cubeide_1.5.1/plugins/com.st.stm32cube.ide.mcu.externaltools.gnu-tools-for-stm32.7-2018-q2-update.linux64_1.5.0.202011040924/tools/bin/../lib/gcc/arm-none-eabi/7.3.1/thumb/v7e-m/fpv4-sp/hard/libgcc.a(_aeabi_uldivmod.o)
                0x00000000080001d0                __aeabi_uldivmod
 .text          0x0000000008000200      0x2cc /opt/st/stm32cubeide_1.5.1/plugins/com.st.stm32cube.ide.mcu.externaltools.gnu-tools-for-stm32.7-2018-q2-update.linux64_1.5.0.202011040924/tools/bin/../lib/gcc/arm-none-eabi/7.3.1/thumb/v7e-m/fpv4-sp/hard/libgcc.a(_udivmoddi4.o)
                0x0000000008000200                __udivmoddi4
 .text          0x00000000080004cc        0x4 /opt/st/stm32cubeide_1.5.1/plugins/com.st.stm32cube.ide.mcu.externaltools.gnu-tools-for-stm32.7-2018-q2-update.linux64_1.5.0.202011040924/tools/bin/../lib/gcc/arm-none-eabi/7.3.1/thumb/v7e-m/fpv4-sp/hard/libgcc.a(_dvmd_tls.o)
                0x00000000080004cc                __aeabi_ldiv0
                0x00000000080004cc                __aeabi_idiv0
 *(.text*)
 .text.main     0x00000000080004d0       0x90 Core/Src/main.o
                0x00000000080004d0                main
 .text.SystemClock_Config
                0x0000000008000560       0xbc Core/Src/main.o
                0x0000000008000560                SystemClock_Config
 .text.MX_GPIO_Init
                0x000000000800061c       0xa4 Core/Src/main.o
 .text.LEDTask1
                0x00000000080006c0       0x6c Core/Src/main.o
                0x00000000080006c0                LEDTask1
 .text.LEDTask2
                0x000000000800072c       0x54 Core/Src/main.o
                0x000000000800072c                LEDTask2
 .text.ButtonTask
                0x0000000008000780       0xcc Core/Src/main.o
                0x0000000008000780                ButtonTask
 .text.HAL_TIM_PeriodElapsedCallback
                0x000000000800084c       0x24 Core/Src/main.o
                0x000000000800084c                HAL_TIM_PeriodElapsedCallback
 .text.Error_Handler
                0x0000000008000870        0x8 Core/Src/main.o
                0x0000000008000870                Error_Handler
 .text.HAL_MspInit
                0x0000000008000878       0x50 Core/Src/stm32f4xx_hal_msp.o
                0x0000000008000878                HAL_MspInit
 .text.HAL_InitTick
                0x00000000080008c8       0xb0 Core/Src/stm32f4xx_hal_timebase_tim.o
                0x00000000080008c8                HAL_InitTick
 .text.NMI_Handler
                0x0000000008000978        0x6 Core/Src/stm32f4xx_it.o
                0x0000000008000978                NMI_Handler
 .text.HardFault_Handler
                0x000000000800097e        0x6 Core/Src/stm32f4xx_it.o
                0x000000000800097e                HardFault_Handler
 .text.MemManage_Handler
                0x0000000008000984        0x6 Core/Src/stm32f4xx_it.o
                0x0000000008000984                MemManage_Handler
 .text.BusFault_Handler
                0x000000000800098a        0x6 Core/Src/stm32f4xx_it.o
                0x000000000800098a                BusFault_Handler
 .text.UsageFault_Handler
                0x0000000008000990        0x6 Core/Src/stm32f4xx_it.o
                0x0000000008000990                UsageFault_Handler
 .text.DebugMon_Handler
                0x0000000008000996        0xe Core/Src/stm32f4xx_it.o
                0x0000000008000996                DebugMon_Handler
 .text.TIM6_DAC_IRQHandler
                0x00000000080009a4       0x14 Core/Src/stm32f4xx_it.o
                0x00000000080009a4                TIM6_DAC_IRQHandler
 .text.SystemInit
                0x00000000080009b8       0x2c Core/Src/system_stm32f4xx.o
                0x00000000080009b8                SystemInit
 .text.Reset_Handler
                0x00000000080009e4       0x50 Core/Startup/startup_stm32f407vgtx.o
                0x00000000080009e4                Reset_Handler
 .text.Default_Handler
                0x0000000008000a34        0x2 Core/Startup/startup_stm32f407vgtx.o
                0x0000000008000a34                RTC_Alarm_IRQHandler
                0x0000000008000a34                HASH_RNG_IRQHandler
                0x0000000008000a34                EXTI2_IRQHandler
                0x0000000008000a34                TIM8_CC_IRQHandler
                0x0000000008000a34                TIM1_CC_IRQHandler
                0x0000000008000a34                DMA2_Stream5_IRQHandler
                0x0000000008000a34                DMA1_Stream5_IRQHandler
                0x0000000008000a34                PVD_IRQHandler
                0x0000000008000a34                SDIO_IRQHandler
                0x0000000008000a34                TAMP_STAMP_IRQHandler
                0x0000000008000a34                CAN2_RX1_IRQHandler
                0x0000000008000a34                EXTI3_IRQHandler
                0x0000000008000a34                TIM8_TRG_COM_TIM14_IRQHandler
                0x0000000008000a34                TIM1_UP_TIM10_IRQHandler
                0x0000000008000a34                TIM8_UP_TIM13_IRQHandler
                0x0000000008000a34                I2C3_ER_IRQHandler
                0x0000000008000a34                EXTI0_IRQHandler
                0x0000000008000a34                I2C2_EV_IRQHandler
                0x0000000008000a34                DMA1_Stream2_IRQHandler
                0x0000000008000a34                CAN1_RX0_IRQHandler
                0x0000000008000a34                FPU_IRQHandler
                0x0000000008000a34                OTG_HS_WKUP_IRQHandler
                0x0000000008000a34                CAN2_SCE_IRQHandler
                0x0000000008000a34                DMA2_Stream2_IRQHandler
                0x0000000008000a34                SPI1_IRQHandler
                0x0000000008000a34                TIM1_BRK_TIM9_IRQHandler
                0x0000000008000a34                DCMI_IRQHandler
                0x0000000008000a34                CAN2_RX0_IRQHandler
                0x0000000008000a34                DMA2_Stream3_IRQHandler
                0x0000000008000a34                USART6_IRQHandler
                0x0000000008000a34                USART3_IRQHandler
                0x0000000008000a34                CAN1_RX1_IRQHandler
                0x0000000008000a34                UART5_IRQHandler
                0x0000000008000a34                DMA2_Stream0_IRQHandler
                0x0000000008000a34                TIM4_IRQHandler
                0x0000000008000a34                I2C1_EV_IRQHandler
                0x0000000008000a34                DMA1_Stream6_IRQHandler
                0x0000000008000a34                DMA1_Stream1_IRQHandler
                0x0000000008000a34                UART4_IRQHandler
                0x0000000008000a34                TIM3_IRQHandler
                0x0000000008000a34                RCC_IRQHandler
                0x0000000008000a34                TIM8_BRK_TIM12_IRQHandler
                0x0000000008000a34                Default_Handler
                0x0000000008000a34                EXTI15_10_IRQHandler
                0x0000000008000a34                ADC_IRQHandler
                0x0000000008000a34                DMA1_Stream7_IRQHandler
                0x0000000008000a34                TIM7_IRQHandler
                0x0000000008000a34                CAN2_TX_IRQHandler
                0x0000000008000a34                TIM5_IRQHandler
                0x0000000008000a34                DMA2_Stream7_IRQHandler
                0x0000000008000a34                I2C3_EV_IRQHandler
                0x0000000008000a34                EXTI9_5_IRQHandler
                0x0000000008000a34                RTC_WKUP_IRQHandler
                0x0000000008000a34                ETH_WKUP_IRQHandler
                0x0000000008000a34                SPI2_IRQHandler
                0x0000000008000a34                OTG_HS_EP1_IN_IRQHandler
                0x0000000008000a34                DMA1_Stream0_IRQHandler
                0x0000000008000a34                CAN1_TX_IRQHandler
                0x0000000008000a34                EXTI4_IRQHandler
                0x0000000008000a34                FSMC_IRQHandler
                0x0000000008000a34                ETH_IRQHandler
                0x0000000008000a34                OTG_HS_EP1_OUT_IRQHandler
                0x0000000008000a34                WWDG_IRQHandler
                0x0000000008000a34                TIM2_IRQHandler
                0x0000000008000a34                OTG_FS_WKUP_IRQHandler
                0x0000000008000a34                TIM1_TRG_COM_TIM11_IRQHandler
                0x0000000008000a34                OTG_HS_IRQHandler
                0x0000000008000a34                EXTI1_IRQHandler
                0x0000000008000a34                USART2_IRQHandler
                0x0000000008000a34                I2C2_ER_IRQHandler
                0x0000000008000a34                DMA2_Stream1_IRQHandler
                0x0000000008000a34                CAN1_SCE_IRQHandler
                0x0000000008000a34                FLASH_IRQHandler
                0x0000000008000a34                DMA2_Stream4_IRQHandler
                0x0000000008000a34                USART1_IRQHandler
                0x0000000008000a34                OTG_FS_IRQHandler
                0x0000000008000a34                SPI3_IRQHandler
                0x0000000008000a34                DMA1_Stream4_IRQHandler
                0x0000000008000a34                I2C1_ER_IRQHandler
                0x0000000008000a34                DMA2_Stream6_IRQHandler
                0x0000000008000a34                DMA1_Stream3_IRQHandler
 *fill*         0x0000000008000a36        0x2 
 .text.HAL_Init
                0x0000000008000a38       0x44 Drivers/STM32F4xx_HAL_Driver/Src/stm32f4xx_hal.o
                0x0000000008000a38                HAL_Init
 .text.HAL_IncTick
                0x0000000008000a7c       0x28 Drivers/STM32F4xx_HAL_Driver/Src/stm32f4xx_hal.o
                0x0000000008000a7c                HAL_IncTick
 .text.HAL_GetTick
                0x0000000008000aa4       0x18 Drivers/STM32F4xx_HAL_Driver/Src/stm32f4xx_hal.o
                0x0000000008000aa4                HAL_GetTick
 .text.__NVIC_SetPriorityGrouping
                0x0000000008000abc       0x48 Drivers/STM32F4xx_HAL_Driver/Src/stm32f4xx_hal_cortex.o
 .text.__NVIC_GetPriorityGrouping
                0x0000000008000b04       0x1c Drivers/STM32F4xx_HAL_Driver/Src/stm32f4xx_hal_cortex.o
 .text.__NVIC_EnableIRQ
                0x0000000008000b20       0x3c Drivers/STM32F4xx_HAL_Driver/Src/stm32f4xx_hal_cortex.o
 .text.__NVIC_SetPriority
                0x0000000008000b5c       0x54 Drivers/STM32F4xx_HAL_Driver/Src/stm32f4xx_hal_cortex.o
 .text.NVIC_EncodePriority
                0x0000000008000bb0       0x66 Drivers/STM32F4xx_HAL_Driver/Src/stm32f4xx_hal_cortex.o
 .text.HAL_NVIC_SetPriorityGrouping
                0x0000000008000c16       0x16 Drivers/STM32F4xx_HAL_Driver/Src/stm32f4xx_hal_cortex.o
                0x0000000008000c16                HAL_NVIC_SetPriorityGrouping
 .text.HAL_NVIC_SetPriority
                0x0000000008000c2c       0x38 Drivers/STM32F4xx_HAL_Driver/Src/stm32f4xx_hal_cortex.o
                0x0000000008000c2c                HAL_NVIC_SetPriority
 .text.HAL_NVIC_EnableIRQ
                0x0000000008000c64       0x1c Drivers/STM32F4xx_HAL_Driver/Src/stm32f4xx_hal_cortex.o
                0x0000000008000c64                HAL_NVIC_EnableIRQ
 .text.HAL_GPIO_Init
                0x0000000008000c80      0x334 Drivers/STM32F4xx_HAL_Driver/Src/stm32f4xx_hal_gpio.o
                0x0000000008000c80                HAL_GPIO_Init
 .text.HAL_GPIO_ReadPin
                0x0000000008000fb4       0x30 Drivers/STM32F4xx_HAL_Driver/Src/stm32f4xx_hal_gpio.o
                0x0000000008000fb4                HAL_GPIO_ReadPin
 .text.HAL_GPIO_WritePin
                0x0000000008000fe4       0x32 Drivers/STM32F4xx_HAL_Driver/Src/stm32f4xx_hal_gpio.o
                0x0000000008000fe4                HAL_GPIO_WritePin
 *fill*         0x0000000008001016        0x2 
 .text.HAL_RCC_OscConfig
                0x0000000008001018      0x4e0 Drivers/STM32F4xx_HAL_Driver/Src/stm32f4xx_hal_rcc.o
                0x0000000008001018                HAL_RCC_OscConfig
 .text.HAL_RCC_ClockConfig
                0x00000000080014f8      0x1cc Drivers/STM32F4xx_HAL_Driver/Src/stm32f4xx_hal_rcc.o
                0x00000000080014f8                HAL_RCC_ClockConfig
 .text.HAL_RCC_GetSysClockFreq
                0x00000000080016c4      0x164 Drivers/STM32F4xx_HAL_Driver/Src/stm32f4xx_hal_rcc.o
                0x00000000080016c4                HAL_RCC_GetSysClockFreq
 .text.HAL_RCC_GetHCLKFreq
                0x0000000008001828       0x18 Drivers/STM32F4xx_HAL_Driver/Src/stm32f4xx_hal_rcc.o
                0x0000000008001828                HAL_RCC_GetHCLKFreq
 .text.HAL_RCC_GetPCLK1Freq
                0x0000000008001840       0x28 Drivers/STM32F4xx_HAL_Driver/Src/stm32f4xx_hal_rcc.o
                0x0000000008001840                HAL_RCC_GetPCLK1Freq
 .text.HAL_RCC_GetClockConfig
                0x0000000008001868       0x64 Drivers/STM32F4xx_HAL_Driver/Src/stm32f4xx_hal_rcc.o
                0x0000000008001868                HAL_RCC_GetClockConfig
 .text.HAL_TIM_Base_Init
                0x00000000080018cc       0x56 Drivers/STM32F4xx_HAL_Driver/Src/stm32f4xx_hal_tim.o
                0x00000000080018cc                HAL_TIM_Base_Init
 .text.HAL_TIM_Base_MspInit
                0x0000000008001922       0x14 Drivers/STM32F4xx_HAL_Driver/Src/stm32f4xx_hal_tim.o
                0x0000000008001922                HAL_TIM_Base_MspInit
 .text.HAL_TIM_Base_Start_IT
                0x0000000008001936       0x48 Drivers/STM32F4xx_HAL_Driver/Src/stm32f4xx_hal_tim.o
                0x0000000008001936                HAL_TIM_Base_Start_IT
 .text.HAL_TIM_IRQHandler
                0x000000000800197e      0x210 Drivers/STM32F4xx_HAL_Driver/Src/stm32f4xx_hal_tim.o
                0x000000000800197e                HAL_TIM_IRQHandler
 .text.HAL_TIM_OC_DelayElapsedCallback
                0x0000000008001b8e       0x14 Drivers/STM32F4xx_HAL_Driver/Src/stm32f4xx_hal_tim.o
                0x0000000008001b8e                HAL_TIM_OC_DelayElapsedCallback
 .text.HAL_TIM_IC_CaptureCallback
                0x0000000008001ba2       0x14 Drivers/STM32F4xx_HAL_Driver/Src/stm32f4xx_hal_tim.o
                0x0000000008001ba2                HAL_TIM_IC_CaptureCallback
 .text.HAL_TIM_PWM_PulseFinishedCallback
                0x0000000008001bb6       0x14 Drivers/STM32F4xx_HAL_Driver/Src/stm32f4xx_hal_tim.o
                0x0000000008001bb6                HAL_TIM_PWM_PulseFinishedCallback
 .text.HAL_TIM_TriggerCallback
                0x0000000008001bca       0x14 Drivers/STM32F4xx_HAL_Driver/Src/stm32f4xx_hal_tim.o
                0x0000000008001bca                HAL_TIM_TriggerCallback
 *fill*         0x0000000008001bde        0x2 
 .text.TIM_Base_SetConfig
                0x0000000008001be0      0x140 Drivers/STM32F4xx_HAL_Driver/Src/stm32f4xx_hal_tim.o
                0x0000000008001be0                TIM_Base_SetConfig
 .text.HAL_TIMEx_CommutCallback
                0x0000000008001d20       0x14 Drivers/STM32F4xx_HAL_Driver/Src/stm32f4xx_hal_tim_ex.o
                0x0000000008001d20                HAL_TIMEx_CommutCallback
 .text.HAL_TIMEx_BreakCallback
                0x0000000008001d34       0x14 Drivers/STM32F4xx_HAL_Driver/Src/stm32f4xx_hal_tim_ex.o
                0x0000000008001d34                HAL_TIMEx_BreakCallback
 .text.pxPortInitialiseStack
                0x0000000008001d48       0x68 FreeRTOS/ARM_CM4F/port.o
                0x0000000008001d48                pxPortInitialiseStack
 .text.prvTaskExitError
                0x0000000008001db0       0x54 FreeRTOS/ARM_CM4F/port.o
 *fill*         0x0000000008001e04        0xc 
 .text.SVC_Handler
                0x0000000008001e10       0x28 FreeRTOS/ARM_CM4F/port.o
                0x0000000008001e10                SVC_Handler
 .text.prvPortStartFirstTask
                0x0000000008001e38       0x28 FreeRTOS/ARM_CM4F/port.o
 .text.xPortStartScheduler
                0x0000000008001e60      0x13c FreeRTOS/ARM_CM4F/port.o
                0x0000000008001e60                xPortStartScheduler
 .text.vPortEnterCritical
                0x0000000008001f9c       0x5c FreeRTOS/ARM_CM4F/port.o
                0x0000000008001f9c                vPortEnterCritical
 .text.vPortExitCritical
                0x0000000008001ff8       0x50 FreeRTOS/ARM_CM4F/port.o
                0x0000000008001ff8                vPortExitCritical
 *fill*         0x0000000008002048        0x8 
 .text.PendSV_Handler
                0x0000000008002050       0x68 FreeRTOS/ARM_CM4F/port.o
                0x0000000008002050                PendSV_Handler
 .text.SysTick_Handler
                0x00000000080020b8       0x40 FreeRTOS/ARM_CM4F/port.o
                0x00000000080020b8                SysTick_Handler
 .text.vPortSetupTimerInterrupt
                0x00000000080020f8       0x48 FreeRTOS/ARM_CM4F/port.o
                0x00000000080020f8                vPortSetupTimerInterrupt
 .text.vPortEnableVFP
                0x0000000008002140       0x14 FreeRTOS/ARM_CM4F/port.o
 .text.vPortValidateInterruptPriority
                0x0000000008002154       0x7c FreeRTOS/ARM_CM4F/port.o
                0x0000000008002154                vPortValidateInterruptPriority
 .text.pvPortMalloc
                0x00000000080021d0      0x184 FreeRTOS/heap_4.o
                0x00000000080021d0                pvPortMalloc
 .text.vPortFree
                0x0000000008002354       0xb0 FreeRTOS/heap_4.o
                0x0000000008002354                vPortFree
 .text.prvHeapInit
                0x0000000008002404       0xc4 FreeRTOS/heap_4.o
 .text.prvInsertBlockIntoFreeList
                0x00000000080024c8       0xb4 FreeRTOS/heap_4.o
 .text.vListInitialise
                0x000000000800257c       0x40 FreeRTOS/list.o
                0x000000000800257c                vListInitialise
 .text.vListInitialiseItem
                0x00000000080025bc       0x1a FreeRTOS/list.o
                0x00000000080025bc                vListInitialiseItem
 .text.vListInsertEnd
                0x00000000080025d6       0x48 FreeRTOS/list.o
                0x00000000080025d6                vListInsertEnd
 .text.vListInsert
                0x000000000800261e       0x72 FreeRTOS/list.o
                0x000000000800261e                vListInsert
 .text.uxListRemove
                0x0000000008002690       0x54 FreeRTOS/list.o
                0x0000000008002690                uxListRemove
 .text.xQueueGenericReset
                0x00000000080026e4       0xd0 FreeRTOS/queue.o
                0x00000000080026e4                xQueueGenericReset
 .text.xQueueGenericCreate
                0x00000000080027b4       0x76 FreeRTOS/queue.o
                0x00000000080027b4                xQueueGenericCreate
 .text.prvInitialiseNewQueue
                0x000000000800282a       0x46 FreeRTOS/queue.o
 .text.xQueueGenericSend
                0x0000000008002870      0x1f4 FreeRTOS/queue.o
                0x0000000008002870                xQueueGenericSend
 .text.xQueueGenericSendFromISR
                0x0000000008002a64      0x128 FreeRTOS/queue.o
                0x0000000008002a64                xQueueGenericSendFromISR
 .text.xQueueReceive
                0x0000000008002b8c      0x1b8 FreeRTOS/queue.o
                0x0000000008002b8c                xQueueReceive
 .text.prvCopyDataToQueue
                0x0000000008002d44       0xd4 FreeRTOS/queue.o
 .text.prvCopyDataFromQueue
                0x0000000008002e18       0x4c FreeRTOS/queue.o
 .text.prvUnlockQueue
                0x0000000008002e64       0xa4 FreeRTOS/queue.o
 .text.prvIsQueueEmpty
                0x0000000008002f08       0x2c FreeRTOS/queue.o
 .text.prvIsQueueFull
                0x0000000008002f34       0x30 FreeRTOS/queue.o
 .text.vQueueAddToRegistry
                0x0000000008002f64       0x50 FreeRTOS/queue.o
                0x0000000008002f64                vQueueAddToRegistry
 .text.vQueueWaitForMessageRestricted
                0x0000000008002fb4       0x68 FreeRTOS/queue.o
                0x0000000008002fb4                vQueueWaitForMessageRestricted
 .text.xTaskCreate
                0x000000000800301c       0x82 FreeRTOS/tasks.o
                0x000000000800301c                xTaskCreate
 .text.prvInitialiseNewTask
                0x000000000800309e      0x11c FreeRTOS/tasks.o
 *fill*         0x00000000080031ba        0x2 
 .text.prvAddNewTaskToReadyList
                0x00000000080031bc       0xdc FreeRTOS/tasks.o
 .text.vTaskDelay
                0x0000000008003298       0x68 FreeRTOS/tasks.o
                0x0000000008003298                vTaskDelay
 .text.vTaskSuspend
                0x0000000008003300      0x124 FreeRTOS/tasks.o
                0x0000000008003300                vTaskSuspend
 .text.prvTaskIsTaskSuspended
                0x0000000008003424       0x60 FreeRTOS/tasks.o
 .text.vTaskResume
                0x0000000008003484       0xb8 FreeRTOS/tasks.o
                0x0000000008003484                vTaskResume
 .text.vTaskStartScheduler
                0x000000000800353c       0x98 FreeRTOS/tasks.o
                0x000000000800353c                vTaskStartScheduler
 .text.vTaskSuspendAll
                0x00000000080035d4       0x1c FreeRTOS/tasks.o
                0x00000000080035d4                vTaskSuspendAll
 .text.xTaskResumeAll
                0x00000000080035f0      0x138 FreeRTOS/tasks.o
                0x00000000080035f0                xTaskResumeAll
 .text.xTaskGetTickCount
                0x0000000008003728       0x20 FreeRTOS/tasks.o
                0x0000000008003728                xTaskGetTickCount
 .text.xTaskIncrementTick
                0x0000000008003748      0x170 FreeRTOS/tasks.o
                0x0000000008003748                xTaskIncrementTick
 .text.vTaskSwitchContext
                0x00000000080038b8       0xb4 FreeRTOS/tasks.o
                0x00000000080038b8                vTaskSwitchContext
 .text.vTaskPlaceOnEventList
                0x000000000800396c       0x48 FreeRTOS/tasks.o
                0x000000000800396c                vTaskPlaceOnEventList
 .text.vTaskPlaceOnEventListRestricted
                0x00000000080039b4       0x54 FreeRTOS/tasks.o
                0x00000000080039b4                vTaskPlaceOnEventListRestricted
 .text.xTaskRemoveFromEventList
                0x0000000008003a08       0xc4 FreeRTOS/tasks.o
                0x0000000008003a08                xTaskRemoveFromEventList
 .text.vTaskInternalSetTimeOutState
                0x0000000008003acc       0x2c FreeRTOS/tasks.o
                0x0000000008003acc                vTaskInternalSetTimeOutState
 .text.xTaskCheckForTimeOut
                0x0000000008003af8       0xc0 FreeRTOS/tasks.o
                0x0000000008003af8                xTaskCheckForTimeOut
 .text.vTaskMissedYield
                0x0000000008003bb8       0x18 FreeRTOS/tasks.o
                0x0000000008003bb8                vTaskMissedYield
 .text.prvIdleTask
                0x0000000008003bd0       0x30 FreeRTOS/tasks.o
 .text.prvInitialiseTaskLists
                0x0000000008003c00       0x80 FreeRTOS/tasks.o
 .text.prvCheckTasksWaitingTermination
                0x0000000008003c80       0x58 FreeRTOS/tasks.o
 .text.prvDeleteTCB
                0x0000000008003cd8       0x20 FreeRTOS/tasks.o
 .text.prvResetNextTaskUnblockTime
                0x0000000008003cf8       0x40 FreeRTOS/tasks.o
 .text.xTaskGetSchedulerState
                0x0000000008003d38       0x3c FreeRTOS/tasks.o
                0x0000000008003d38                xTaskGetSchedulerState
 .text.xTaskPriorityDisinherit
                0x0000000008003d74      0x108 FreeRTOS/tasks.o
                0x0000000008003d74                xTaskPriorityDisinherit
 .text.prvAddCurrentTaskToDelayedList
                0x0000000008003e7c       0xcc FreeRTOS/tasks.o
 .text.xTimerCreateTimerTask
                0x0000000008003f48       0x64 FreeRTOS/timers.o
                0x0000000008003f48                xTimerCreateTimerTask
 .text.xTimerGenericCommand
                0x0000000008003fac       0x98 FreeRTOS/timers.o
                0x0000000008003fac                xTimerGenericCommand
 .text.prvProcessExpiredTimer
                0x0000000008004044       0x98 FreeRTOS/timers.o
 .text.prvTimerTask
                0x00000000080040dc       0x24 FreeRTOS/timers.o
 .text.prvProcessTimerOrBlockTask
                0x0000000008004100       0x9c FreeRTOS/timers.o
 .text.prvGetNextExpireTime
                0x000000000800419c       0x48 FreeRTOS/timers.o
 .text.prvSampleTimeNow
                0x00000000080041e4       0x40 FreeRTOS/timers.o
 .text.prvInsertTimerInActiveList
                0x0000000008004224       0x84 FreeRTOS/timers.o
 .text.prvProcessReceivedCommands
                0x00000000080042a8      0x188 FreeRTOS/timers.o
 .text.prvSwitchTimerLists
                0x0000000008004430       0xc8 FreeRTOS/timers.o
 .text.prvCheckForValidListAndQueue
                0x00000000080044f8       0x6c FreeRTOS/timers.o
 .text.__libc_init_array
                0x0000000008004564       0x48 /opt/st/stm32cubeide_1.5.1/plugins/com.st.stm32cube.ide.mcu.externaltools.gnu-tools-for-stm32.7-2018-q2-update.linux64_1.5.0.202011040924/tools/bin/../lib/gcc/arm-none-eabi/7.3.1/../../../../arm-none-eabi/lib/thumb/v7e-m/fpv4-sp/hard/libc_nano.a(lib_a-init.o)
                0x0000000008004564                __libc_init_array
 .text.memcpy   0x00000000080045ac       0x16 /opt/st/stm32cubeide_1.5.1/plugins/com.st.stm32cube.ide.mcu.externaltools.gnu-tools-for-stm32.7-2018-q2-update.linux64_1.5.0.202011040924/tools/bin/../lib/gcc/arm-none-eabi/7.3.1/../../../../arm-none-eabi/lib/thumb/v7e-m/fpv4-sp/hard/libc_nano.a(lib_a-memcpy-stub.o)
                0x00000000080045ac                memcpy
 .text.memset   0x00000000080045c2       0x10 /opt/st/stm32cubeide_1.5.1/plugins/com.st.stm32cube.ide.mcu.externaltools.gnu-tools-for-stm32.7-2018-q2-update.linux64_1.5.0.202011040924/tools/bin/../lib/gcc/arm-none-eabi/7.3.1/../../../../arm-none-eabi/lib/thumb/v7e-m/fpv4-sp/hard/libc_nano.a(lib_a-memset.o)
                0x00000000080045c2                memset
 *(.glue_7)
 .glue_7        0x00000000080045d2        0x0 linker stubs
 *(.glue_7t)
 .glue_7t       0x00000000080045d2        0x0 linker stubs
 *(.eh_frame)
 *fill*         0x00000000080045d2        0x2 
 .eh_frame      0x00000000080045d4        0x0 /opt/st/stm32cubeide_1.5.1/plugins/com.st.stm32cube.ide.mcu.externaltools.gnu-tools-for-stm32.7-2018-q2-update.linux64_1.5.0.202011040924/tools/bin/../lib/gcc/arm-none-eabi/7.3.1/thumb/v7e-m/fpv4-sp/hard/crtbegin.o
 *(.init)
 .init          0x00000000080045d4        0x4 /opt/st/stm32cubeide_1.5.1/plugins/com.st.stm32cube.ide.mcu.externaltools.gnu-tools-for-stm32.7-2018-q2-update.linux64_1.5.0.202011040924/tools/bin/../lib/gcc/arm-none-eabi/7.3.1/thumb/v7e-m/fpv4-sp/hard/crti.o
                0x00000000080045d4                _init
 .init          0x00000000080045d8        0x8 /opt/st/stm32cubeide_1.5.1/plugins/com.st.stm32cube.ide.mcu.externaltools.gnu-tools-for-stm32.7-2018-q2-update.linux64_1.5.0.202011040924/tools/bin/../lib/gcc/arm-none-eabi/7.3.1/thumb/v7e-m/fpv4-sp/hard/crtn.o
 *(.fini)
 .fini          0x00000000080045e0        0x4 /opt/st/stm32cubeide_1.5.1/plugins/com.st.stm32cube.ide.mcu.externaltools.gnu-tools-for-stm32.7-2018-q2-update.linux64_1.5.0.202011040924/tools/bin/../lib/gcc/arm-none-eabi/7.3.1/thumb/v7e-m/fpv4-sp/hard/crti.o
                0x00000000080045e0                _fini
 .fini          0x00000000080045e4        0x8 /opt/st/stm32cubeide_1.5.1/plugins/com.st.stm32cube.ide.mcu.externaltools.gnu-tools-for-stm32.7-2018-q2-update.linux64_1.5.0.202011040924/tools/bin/../lib/gcc/arm-none-eabi/7.3.1/thumb/v7e-m/fpv4-sp/hard/crtn.o
                0x00000000080045ec                . = ALIGN (0x4)
                0x00000000080045ec                _etext = .

.vfp11_veneer   0x00000000080045ec        0x0
 .vfp11_veneer  0x00000000080045ec        0x0 linker stubs

.v4_bx          0x00000000080045ec        0x0
 .v4_bx         0x00000000080045ec        0x0 linker stubs

.iplt           0x00000000080045ec        0x0
 .iplt          0x00000000080045ec        0x0 /opt/st/stm32cubeide_1.5.1/plugins/com.st.stm32cube.ide.mcu.externaltools.gnu-tools-for-stm32.7-2018-q2-update.linux64_1.5.0.202011040924/tools/bin/../lib/gcc/arm-none-eabi/7.3.1/thumb/v7e-m/fpv4-sp/hard/crtbegin.o

.rodata         0x00000000080045ec       0x54
                0x00000000080045ec                . = ALIGN (0x4)
 *(.rodata)
 .rodata        0x00000000080045ec       0x21 Core/Src/main.o
 *fill*         0x000000000800460d        0x3 
 .rodata        0x0000000008004610        0x5 FreeRTOS/tasks.o
 *fill*         0x0000000008004615        0x3 
 .rodata        0x0000000008004618        0xd FreeRTOS/timers.o
 *(.rodata*)
 *fill*         0x0000000008004625        0x3 
 .rodata.AHBPrescTable
                0x0000000008004628       0x10 Core/Src/system_stm32f4xx.o
                0x0000000008004628                AHBPrescTable
 .rodata.APBPrescTable
                0x0000000008004638        0x8 Core/Src/system_stm32f4xx.o
                0x0000000008004638                APBPrescTable
                0x0000000008004640                . = ALIGN (0x4)

.ARM.extab      0x0000000008004640        0x0
                0x0000000008004640                . = ALIGN (0x4)
 *(.ARM.extab* .gnu.linkonce.armextab.*)
                0x0000000008004640                . = ALIGN (0x4)

.ARM            0x0000000008004640        0x8
                0x0000000008004640                . = ALIGN (0x4)
                0x0000000008004640                __exidx_start = .
 *(.ARM.exidx*)
 .ARM.exidx     0x0000000008004640        0x8 /opt/st/stm32cubeide_1.5.1/plugins/com.st.stm32cube.ide.mcu.externaltools.gnu-tools-for-stm32.7-2018-q2-update.linux64_1.5.0.202011040924/tools/bin/../lib/gcc/arm-none-eabi/7.3.1/thumb/v7e-m/fpv4-sp/hard/libgcc.a(_udivmoddi4.o)
                0x0000000008004648                __exidx_end = .
                0x0000000008004648                . = ALIGN (0x4)

.rel.dyn        0x0000000008004648        0x0
 .rel.iplt      0x0000000008004648        0x0 /opt/st/stm32cubeide_1.5.1/plugins/com.st.stm32cube.ide.mcu.externaltools.gnu-tools-for-stm32.7-2018-q2-update.linux64_1.5.0.202011040924/tools/bin/../lib/gcc/arm-none-eabi/7.3.1/thumb/v7e-m/fpv4-sp/hard/crtbegin.o

.preinit_array  0x0000000008004648        0x0
                0x0000000008004648                . = ALIGN (0x4)
                0x0000000008004648                PROVIDE (__preinit_array_start = .)
 *(.preinit_array*)
                0x0000000008004648                PROVIDE (__preinit_array_end = .)
                0x0000000008004648                . = ALIGN (0x4)

.init_array     0x0000000008004648        0x4
                0x0000000008004648                . = ALIGN (0x4)
                0x0000000008004648                PROVIDE (__init_array_start = .)
 *(SORT_BY_NAME(.init_array.*))
 *(.init_array*)
 .init_array    0x0000000008004648        0x4 /opt/st/stm32cubeide_1.5.1/plugins/com.st.stm32cube.ide.mcu.externaltools.gnu-tools-for-stm32.7-2018-q2-update.linux64_1.5.0.202011040924/tools/bin/../lib/gcc/arm-none-eabi/7.3.1/thumb/v7e-m/fpv4-sp/hard/crtbegin.o
                0x000000000800464c                PROVIDE (__init_array_end = .)
                0x000000000800464c                . = ALIGN (0x4)

.fini_array     0x000000000800464c        0x4
                0x000000000800464c                . = ALIGN (0x4)
                [!provide]                        PROVIDE (__fini_array_start = .)
 *(SORT_BY_NAME(.fini_array.*))
 *(.fini_array*)
 .fini_array    0x000000000800464c        0x4 /opt/st/stm32cubeide_1.5.1/plugins/com.st.stm32cube.ide.mcu.externaltools.gnu-tools-for-stm32.7-2018-q2-update.linux64_1.5.0.202011040924/tools/bin/../lib/gcc/arm-none-eabi/7.3.1/thumb/v7e-m/fpv4-sp/hard/crtbegin.o
                [!provide]                        PROVIDE (__fini_array_end = .)
                0x0000000008004650                . = ALIGN (0x4)
                0x0000000008004650                _sidata = LOADADDR (.data)

.data           0x0000000020000000       0x10 load address 0x0000000008004650
                0x0000000020000000                . = ALIGN (0x4)
                0x0000000020000000                _sdata = .
 *(.data)
 *(.data*)
 .data.SystemCoreClock
                0x0000000020000000        0x4 Core/Src/system_stm32f4xx.o
                0x0000000020000000                SystemCoreClock
 .data.uwTickPrio
                0x0000000020000004        0x4 Drivers/STM32F4xx_HAL_Driver/Src/stm32f4xx_hal.o
                0x0000000020000004                uwTickPrio
 .data.uwTickFreq
                0x0000000020000008        0x1 Drivers/STM32F4xx_HAL_Driver/Src/stm32f4xx_hal.o
                0x0000000020000008                uwTickFreq
 *fill*         0x0000000020000009        0x3 
 .data.uxCriticalNesting
                0x000000002000000c        0x4 FreeRTOS/ARM_CM4F/port.o
 *(.RamFunc)
 *(.RamFunc*)
                0x0000000020000010                . = ALIGN (0x4)
                0x0000000020000010                _edata = .

.igot.plt       0x0000000020000010        0x0 load address 0x0000000008004660
 .igot.plt      0x0000000020000010        0x0 /opt/st/stm32cubeide_1.5.1/plugins/com.st.stm32cube.ide.mcu.externaltools.gnu-tools-for-stm32.7-2018-q2-update.linux64_1.5.0.202011040924/tools/bin/../lib/gcc/arm-none-eabi/7.3.1/thumb/v7e-m/fpv4-sp/hard/crtbegin.o
                0x0000000020000010                . = ALIGN (0x4)

.bss            0x0000000020000010    0x12e0c load address 0x0000000008004660
                0x0000000020000010                _sbss = .
                0x0000000020000010                __bss_start__ = _sbss
 *(.bss)
 .bss           0x0000000020000010       0x1c /opt/st/stm32cubeide_1.5.1/plugins/com.st.stm32cube.ide.mcu.externaltools.gnu-tools-for-stm32.7-2018-q2-update.linux64_1.5.0.202011040924/tools/bin/../lib/gcc/arm-none-eabi/7.3.1/thumb/v7e-m/fpv4-sp/hard/crtbegin.o
 *(.bss*)
 .bss.ucMaxSysCallPriority
                0x000000002000002c        0x1 FreeRTOS/ARM_CM4F/port.o
 *fill*         0x000000002000002d        0x3 
 .bss.ulMaxPRIGROUPValue
                0x0000000020000030        0x4 FreeRTOS/ARM_CM4F/port.o
 .bss.ucHeap    0x0000000020000034    0x12c00 FreeRTOS/heap_4.o
 .bss.xStart    0x0000000020012c34        0x8 FreeRTOS/heap_4.o
 .bss.pxEnd     0x0000000020012c3c        0x4 FreeRTOS/heap_4.o
 .bss.xFreeBytesRemaining
                0x0000000020012c40        0x4 FreeRTOS/heap_4.o
 .bss.xMinimumEverFreeBytesRemaining
                0x0000000020012c44        0x4 FreeRTOS/heap_4.o
 .bss.xBlockAllocatedBit
                0x0000000020012c48        0x4 FreeRTOS/heap_4.o
 .bss.pxCurrentTCB
                0x0000000020012c4c        0x4 FreeRTOS/tasks.o
                0x0000000020012c4c                pxCurrentTCB
 .bss.pxReadyTasksLists
                0x0000000020012c50       0x64 FreeRTOS/tasks.o
 .bss.xDelayedTaskList1
                0x0000000020012cb4       0x14 FreeRTOS/tasks.o
 .bss.xDelayedTaskList2
                0x0000000020012cc8       0x14 FreeRTOS/tasks.o
 .bss.pxDelayedTaskList
                0x0000000020012cdc        0x4 FreeRTOS/tasks.o
 .bss.pxOverflowDelayedTaskList
                0x0000000020012ce0        0x4 FreeRTOS/tasks.o
 .bss.xPendingReadyList
                0x0000000020012ce4       0x14 FreeRTOS/tasks.o
 .bss.xTasksWaitingTermination
                0x0000000020012cf8       0x14 FreeRTOS/tasks.o
 .bss.uxDeletedTasksWaitingCleanUp
                0x0000000020012d0c        0x4 FreeRTOS/tasks.o
 .bss.xSuspendedTaskList
                0x0000000020012d10       0x14 FreeRTOS/tasks.o
 .bss.uxCurrentNumberOfTasks
                0x0000000020012d24        0x4 FreeRTOS/tasks.o
 .bss.xTickCount
                0x0000000020012d28        0x4 FreeRTOS/tasks.o
 .bss.uxTopReadyPriority
                0x0000000020012d2c        0x4 FreeRTOS/tasks.o
 .bss.xSchedulerRunning
                0x0000000020012d30        0x4 FreeRTOS/tasks.o
 .bss.uxPendedTicks
                0x0000000020012d34        0x4 FreeRTOS/tasks.o
 .bss.xYieldPending
                0x0000000020012d38        0x4 FreeRTOS/tasks.o
 .bss.xNumOfOverflows
                0x0000000020012d3c        0x4 FreeRTOS/tasks.o
 .bss.uxTaskNumber
                0x0000000020012d40        0x4 FreeRTOS/tasks.o
 .bss.xNextTaskUnblockTime
                0x0000000020012d44        0x4 FreeRTOS/tasks.o
 .bss.xIdleTaskHandle
                0x0000000020012d48        0x4 FreeRTOS/tasks.o
 .bss.uxSchedulerSuspended
                0x0000000020012d4c        0x4 FreeRTOS/tasks.o
 .bss.xActiveTimerList1
                0x0000000020012d50       0x14 FreeRTOS/timers.o
 .bss.xActiveTimerList2
                0x0000000020012d64       0x14 FreeRTOS/timers.o
 .bss.pxCurrentTimerList
                0x0000000020012d78        0x4 FreeRTOS/timers.o
 .bss.pxOverflowTimerList
                0x0000000020012d7c        0x4 FreeRTOS/timers.o
 .bss.xTimerQueue
                0x0000000020012d80        0x4 FreeRTOS/timers.o
 .bss.xTimerTaskHandle
                0x0000000020012d84        0x4 FreeRTOS/timers.o
 .bss.xLastTime.6701
                0x0000000020012d88        0x4 FreeRTOS/timers.o
 *(COMMON)
 COMMON         0x0000000020012d8c        0xc Core/Src/main.o
                0x0000000020012d8c                xHandle2
                0x0000000020012d90                xHandle1
                0x0000000020012d94                xQueue
 COMMON         0x0000000020012d98       0x40 Core/Src/stm32f4xx_hal_timebase_tim.o
                0x0000000020012d98                htim6
 COMMON         0x0000000020012dd8        0x4 Drivers/STM32F4xx_HAL_Driver/Src/stm32f4xx_hal.o
                0x0000000020012dd8                uwTick
 COMMON         0x0000000020012ddc       0x40 FreeRTOS/queue.o
                0x0000000020012ddc                xQueueRegistry
                0x0000000020012e1c                . = ALIGN (0x4)
                0x0000000020012e1c                _ebss = .
                0x0000000020012e1c                __bss_end__ = _ebss

._user_heap_stack
                0x0000000020012e1c      0x604 load address 0x0000000008004660
                0x0000000020012e20                . = ALIGN (0x8)
 *fill*         0x0000000020012e1c        0x4 
                [!provide]                        PROVIDE (end = .)
                0x0000000020012e20                PROVIDE (_end = .)
                0x0000000020013020                . = (. + _Min_Heap_Size)
 *fill*         0x0000000020012e20      0x200 
                0x0000000020013420                . = (. + _Min_Stack_Size)
 *fill*         0x0000000020013020      0x400 
                0x0000000020013420                . = ALIGN (0x8)

/DISCARD/
 libc.a(*)
 libm.a(*)
 libgcc.a(*)

.ARM.attributes
                0x0000000000000000       0x30
 *(.ARM.attributes)
 .ARM.attributes
                0x0000000000000000       0x22 /opt/st/stm32cubeide_1.5.1/plugins/com.st.stm32cube.ide.mcu.externaltools.gnu-tools-for-stm32.7-2018-q2-update.linux64_1.5.0.202011040924/tools/bin/../lib/gcc/arm-none-eabi/7.3.1/thumb/v7e-m/fpv4-sp/hard/crti.o
 .ARM.attributes
                0x0000000000000022       0x34 /opt/st/stm32cubeide_1.5.1/plugins/com.st.stm32cube.ide.mcu.externaltools.gnu-tools-for-stm32.7-2018-q2-update.linux64_1.5.0.202011040924/tools/bin/../lib/gcc/arm-none-eabi/7.3.1/thumb/v7e-m/fpv4-sp/hard/crtbegin.o
 .ARM.attributes
                0x0000000000000056       0x39 Core/Src/main.o
 .ARM.attributes
                0x000000000000008f       0x39 Core/Src/stm32f4xx_hal_msp.o
 .ARM.attributes
                0x00000000000000c8       0x39 Core/Src/stm32f4xx_hal_timebase_tim.o
 .ARM.attributes
                0x0000000000000101       0x39 Core/Src/stm32f4xx_it.o
 .ARM.attributes
                0x000000000000013a       0x39 Core/Src/system_stm32f4xx.o
 .ARM.attributes
                0x0000000000000173       0x21 Core/Startup/startup_stm32f407vgtx.o
 .ARM.attributes
                0x0000000000000194       0x39 Drivers/STM32F4xx_HAL_Driver/Src/stm32f4xx_hal.o
 .ARM.attributes
                0x00000000000001cd       0x39 Drivers/STM32F4xx_HAL_Driver/Src/stm32f4xx_hal_cortex.o
 .ARM.attributes
                0x0000000000000206       0x39 Drivers/STM32F4xx_HAL_Driver/Src/stm32f4xx_hal_gpio.o
 .ARM.attributes
                0x000000000000023f       0x39 Drivers/STM32F4xx_HAL_Driver/Src/stm32f4xx_hal_rcc.o
 .ARM.attributes
                0x0000000000000278       0x39 Drivers/STM32F4xx_HAL_Driver/Src/stm32f4xx_hal_tim.o
 .ARM.attributes
                0x00000000000002b1       0x39 Drivers/STM32F4xx_HAL_Driver/Src/stm32f4xx_hal_tim_ex.o
 .ARM.attributes
                0x00000000000002ea       0x39 FreeRTOS/ARM_CM4F/port.o
 .ARM.attributes
                0x0000000000000323       0x39 FreeRTOS/heap_4.o
 .ARM.attributes
                0x000000000000035c       0x39 FreeRTOS/list.o
 .ARM.attributes
                0x0000000000000395       0x39 FreeRTOS/queue.o
 .ARM.attributes
                0x00000000000003ce       0x39 FreeRTOS/tasks.o
 .ARM.attributes
                0x0000000000000407       0x39 FreeRTOS/timers.o
 .ARM.attributes
                0x0000000000000440       0x34 /opt/st/stm32cubeide_1.5.1/plugins/com.st.stm32cube.ide.mcu.externaltools.gnu-tools-for-stm32.7-2018-q2-update.linux64_1.5.0.202011040924/tools/bin/../lib/gcc/arm-none-eabi/7.3.1/../../../../arm-none-eabi/lib/thumb/v7e-m/fpv4-sp/hard/libc_nano.a(lib_a-init.o)
 .ARM.attributes
                0x0000000000000474       0x34 /opt/st/stm32cubeide_1.5.1/plugins/com.st.stm32cube.ide.mcu.externaltools.gnu-tools-for-stm32.7-2018-q2-update.linux64_1.5.0.202011040924/tools/bin/../lib/gcc/arm-none-eabi/7.3.1/../../../../arm-none-eabi/lib/thumb/v7e-m/fpv4-sp/hard/libc_nano.a(lib_a-memcpy-stub.o)
 .ARM.attributes
                0x00000000000004a8       0x34 /opt/st/stm32cubeide_1.5.1/plugins/com.st.stm32cube.ide.mcu.externaltools.gnu-tools-for-stm32.7-2018-q2-update.linux64_1.5.0.202011040924/tools/bin/../lib/gcc/arm-none-eabi/7.3.1/../../../../arm-none-eabi/lib/thumb/v7e-m/fpv4-sp/hard/libc_nano.a(lib_a-memset.o)
 .ARM.attributes
                0x00000000000004dc       0x22 /opt/st/stm32cubeide_1.5.1/plugins/com.st.stm32cube.ide.mcu.externaltools.gnu-tools-for-stm32.7-2018-q2-update.linux64_1.5.0.202011040924/tools/bin/../lib/gcc/arm-none-eabi/7.3.1/thumb/v7e-m/fpv4-sp/hard/libgcc.a(_aeabi_uldivmod.o)
 .ARM.attributes
                0x00000000000004fe       0x34 /opt/st/stm32cubeide_1.5.1/plugins/com.st.stm32cube.ide.mcu.externaltools.gnu-tools-for-stm32.7-2018-q2-update.linux64_1.5.0.202011040924/tools/bin/../lib/gcc/arm-none-eabi/7.3.1/thumb/v7e-m/fpv4-sp/hard/libgcc.a(_udivmoddi4.o)
 .ARM.attributes
                0x0000000000000532       0x22 /opt/st/stm32cubeide_1.5.1/plugins/com.st.stm32cube.ide.mcu.externaltools.gnu-tools-for-stm32.7-2018-q2-update.linux64_1.5.0.202011040924/tools/bin/../lib/gcc/arm-none-eabi/7.3.1/thumb/v7e-m/fpv4-sp/hard/libgcc.a(_dvmd_tls.o)
 .ARM.attributes
                0x0000000000000554       0x22 /opt/st/stm32cubeide_1.5.1/plugins/com.st.stm32cube.ide.mcu.externaltools.gnu-tools-for-stm32.7-2018-q2-update.linux64_1.5.0.202011040924/tools/bin/../lib/gcc/arm-none-eabi/7.3.1/thumb/v7e-m/fpv4-sp/hard/crtn.o
OUTPUT(Embedded_OS_Lab1_P76091713.elf elf32-littlearm)

.debug_info     0x0000000000000000     0xfbf3
 .debug_info    0x0000000000000000      0xca0 Core/Src/main.o
 .debug_info    0x0000000000000ca0      0x362 Core/Src/stm32f4xx_hal_msp.o
 .debug_info    0x0000000000001002      0xb2d Core/Src/stm32f4xx_hal_timebase_tim.o
 .debug_info    0x0000000000001b2f      0x6b8 Core/Src/stm32f4xx_it.o
 .debug_info    0x00000000000021e7      0x554 Core/Src/system_stm32f4xx.o
 .debug_info    0x000000000000273b       0x22 Core/Startup/startup_stm32f407vgtx.o
 .debug_info    0x000000000000275d      0x945 Drivers/STM32F4xx_HAL_Driver/Src/stm32f4xx_hal.o
 .debug_info    0x00000000000030a2      0xe28 Drivers/STM32F4xx_HAL_Driver/Src/stm32f4xx_hal_cortex.o
 .debug_info    0x0000000000003eca      0x7b5 Drivers/STM32F4xx_HAL_Driver/Src/stm32f4xx_hal_gpio.o
 .debug_info    0x000000000000467f      0x904 Drivers/STM32F4xx_HAL_Driver/Src/stm32f4xx_hal_rcc.o
 .debug_info    0x0000000000004f83     0x24a9 Drivers/STM32F4xx_HAL_Driver/Src/stm32f4xx_hal_tim.o
 .debug_info    0x000000000000742c     0x1157 Drivers/STM32F4xx_HAL_Driver/Src/stm32f4xx_hal_tim_ex.o
 .debug_info    0x0000000000008583      0x533 FreeRTOS/ARM_CM4F/port.o
 .debug_info    0x0000000000008ab6      0xbec FreeRTOS/heap_4.o
 .debug_info    0x00000000000096a2      0xacb FreeRTOS/list.o
 .debug_info    0x000000000000a16d     0x1f26 FreeRTOS/queue.o
 .debug_info    0x000000000000c093     0x2702 FreeRTOS/tasks.o
 .debug_info    0x000000000000e795     0x145e FreeRTOS/timers.o

.debug_abbrev   0x0000000000000000     0x2416
 .debug_abbrev  0x0000000000000000      0x209 Core/Src/main.o
 .debug_abbrev  0x0000000000000209      0x109 Core/Src/stm32f4xx_hal_msp.o
 .debug_abbrev  0x0000000000000312      0x19d Core/Src/stm32f4xx_hal_timebase_tim.o
 .debug_abbrev  0x00000000000004af      0x15a Core/Src/stm32f4xx_it.o
 .debug_abbrev  0x0000000000000609      0x12b Core/Src/system_stm32f4xx.o
 .debug_abbrev  0x0000000000000734       0x12 Core/Startup/startup_stm32f407vgtx.o
 .debug_abbrev  0x0000000000000746      0x1c7 Drivers/STM32F4xx_HAL_Driver/Src/stm32f4xx_hal.o
 .debug_abbrev  0x000000000000090d      0x2fa Drivers/STM32F4xx_HAL_Driver/Src/stm32f4xx_hal_cortex.o
 .debug_abbrev  0x0000000000000c07      0x1c9 Drivers/STM32F4xx_HAL_Driver/Src/stm32f4xx_hal_gpio.o
 .debug_abbrev  0x0000000000000dd0      0x245 Drivers/STM32F4xx_HAL_Driver/Src/stm32f4xx_hal_rcc.o
 .debug_abbrev  0x0000000000001015      0x230 Drivers/STM32F4xx_HAL_Driver/Src/stm32f4xx_hal_tim.o
 .debug_abbrev  0x0000000000001245      0x21e Drivers/STM32F4xx_HAL_Driver/Src/stm32f4xx_hal_tim_ex.o
 .debug_abbrev  0x0000000000001463      0x210 FreeRTOS/ARM_CM4F/port.o
 .debug_abbrev  0x0000000000001673      0x29e FreeRTOS/heap_4.o
 .debug_abbrev  0x0000000000001911      0x1cf FreeRTOS/list.o
 .debug_abbrev  0x0000000000001ae0      0x31c FreeRTOS/queue.o
 .debug_abbrev  0x0000000000001dfc      0x352 FreeRTOS/tasks.o
 .debug_abbrev  0x000000000000214e      0x2c8 FreeRTOS/timers.o

.debug_aranges  0x0000000000000000      0xe20
 .debug_aranges
                0x0000000000000000       0x58 Core/Src/main.o
 .debug_aranges
                0x0000000000000058       0x20 Core/Src/stm32f4xx_hal_msp.o
 .debug_aranges
                0x0000000000000078       0x30 Core/Src/stm32f4xx_hal_timebase_tim.o
 .debug_aranges
                0x00000000000000a8       0x50 Core/Src/stm32f4xx_it.o
 .debug_aranges
                0x00000000000000f8       0x28 Core/Src/system_stm32f4xx.o
 .debug_aranges
                0x0000000000000120       0x28 Core/Startup/startup_stm32f407vgtx.o
 .debug_aranges
                0x0000000000000148       0xf0 Drivers/STM32F4xx_HAL_Driver/Src/stm32f4xx_hal.o
 .debug_aranges
                0x0000000000000238      0x118 Drivers/STM32F4xx_HAL_Driver/Src/stm32f4xx_hal_cortex.o
 .debug_aranges
                0x0000000000000350       0x58 Drivers/STM32F4xx_HAL_Driver/Src/stm32f4xx_hal_gpio.o
 .debug_aranges
                0x00000000000003a8       0x88 Drivers/STM32F4xx_HAL_Driver/Src/stm32f4xx_hal_rcc.o
 .debug_aranges
                0x0000000000000430      0x3a8 Drivers/STM32F4xx_HAL_Driver/Src/stm32f4xx_hal_tim.o
 .debug_aranges
                0x00000000000007d8      0x150 Drivers/STM32F4xx_HAL_Driver/Src/stm32f4xx_hal_tim_ex.o
 .debug_aranges
                0x0000000000000928       0x80 FreeRTOS/ARM_CM4F/port.o
 .debug_aranges
                0x00000000000009a8       0x50 FreeRTOS/heap_4.o
 .debug_aranges
                0x00000000000009f8       0x40 FreeRTOS/list.o
 .debug_aranges
                0x0000000000000a38      0x130 FreeRTOS/queue.o
 .debug_aranges
                0x0000000000000b68      0x1e8 FreeRTOS/tasks.o
 .debug_aranges
                0x0000000000000d50       0xd0 FreeRTOS/timers.o

.debug_ranges   0x0000000000000000      0xd08
 .debug_ranges  0x0000000000000000       0x48 Core/Src/main.o
 .debug_ranges  0x0000000000000048       0x10 Core/Src/stm32f4xx_hal_msp.o
 .debug_ranges  0x0000000000000058       0x20 Core/Src/stm32f4xx_hal_timebase_tim.o
 .debug_ranges  0x0000000000000078       0x40 Core/Src/stm32f4xx_it.o
 .debug_ranges  0x00000000000000b8       0x18 Core/Src/system_stm32f4xx.o
 .debug_ranges  0x00000000000000d0       0x20 Core/Startup/startup_stm32f407vgtx.o
 .debug_ranges  0x00000000000000f0       0xe0 Drivers/STM32F4xx_HAL_Driver/Src/stm32f4xx_hal.o
 .debug_ranges  0x00000000000001d0      0x108 Drivers/STM32F4xx_HAL_Driver/Src/stm32f4xx_hal_cortex.o
 .debug_ranges  0x00000000000002d8       0x48 Drivers/STM32F4xx_HAL_Driver/Src/stm32f4xx_hal_gpio.o
 .debug_ranges  0x0000000000000320       0x78 Drivers/STM32F4xx_HAL_Driver/Src/stm32f4xx_hal_rcc.o
 .debug_ranges  0x0000000000000398      0x398 Drivers/STM32F4xx_HAL_Driver/Src/stm32f4xx_hal_tim.o
 .debug_ranges  0x0000000000000730      0x140 Drivers/STM32F4xx_HAL_Driver/Src/stm32f4xx_hal_tim_ex.o
 .debug_ranges  0x0000000000000870       0x70 FreeRTOS/ARM_CM4F/port.o
 .debug_ranges  0x00000000000008e0       0x40 FreeRTOS/heap_4.o
 .debug_ranges  0x0000000000000920       0x30 FreeRTOS/list.o
 .debug_ranges  0x0000000000000950      0x120 FreeRTOS/queue.o
 .debug_ranges  0x0000000000000a70      0x1d8 FreeRTOS/tasks.o
 .debug_ranges  0x0000000000000c48       0xc0 FreeRTOS/timers.o

.debug_macro    0x0000000000000000    0x212c6
 .debug_macro   0x0000000000000000      0x24e Core/Src/main.o
 .debug_macro   0x000000000000024e      0xa5a Core/Src/main.o
 .debug_macro   0x0000000000000ca8      0x28e Core/Src/main.o
 .debug_macro   0x0000000000000f36       0x2e Core/Src/main.o
 .debug_macro   0x0000000000000f64       0x2f Core/Src/main.o
 .debug_macro   0x0000000000000f93       0x22 Core/Src/main.o
 .debug_macro   0x0000000000000fb5       0x8e Core/Src/main.o
 .debug_macro   0x0000000000001043       0x51 Core/Src/main.o
 .debug_macro   0x0000000000001094       0xef Core/Src/main.o
 .debug_macro   0x0000000000001183       0x6a Core/Src/main.o
 .debug_macro   0x00000000000011ed      0x1df Core/Src/main.o
 .debug_macro   0x00000000000013cc       0x1c Core/Src/main.o
 .debug_macro   0x00000000000013e8       0x22 Core/Src/main.o
 .debug_macro   0x000000000000140a       0xdf Core/Src/main.o
 .debug_macro   0x00000000000014e9     0x102d Core/Src/main.o
 .debug_macro   0x0000000000002516      0x11f Core/Src/main.o
 .debug_macro   0x0000000000002635    0x15e3c Core/Src/main.o
 .debug_macro   0x0000000000018471       0x43 Core/Src/main.o
 .debug_macro   0x00000000000184b4     0x3659 Core/Src/main.o
 .debug_macro   0x000000000001bb0d      0x174 Core/Src/main.o
 .debug_macro   0x000000000001bc81       0x5a Core/Src/main.o
 .debug_macro   0x000000000001bcdb      0x96b Core/Src/main.o
 .debug_macro   0x000000000001c646      0x9fe Core/Src/main.o
 .debug_macro   0x000000000001d044      0x117 Core/Src/main.o
 .debug_macro   0x000000000001d15b      0x13e Core/Src/main.o
 .debug_macro   0x000000000001d299       0x27 Core/Src/main.o
 .debug_macro   0x000000000001d2c0      0x174 Core/Src/main.o
 .debug_macro   0x000000000001d434      0x287 Core/Src/main.o
 .debug_macro   0x000000000001d6bb       0x5f Core/Src/main.o
 .debug_macro   0x000000000001d71a      0x236 Core/Src/main.o
 .debug_macro   0x000000000001d950      0x12c Core/Src/main.o
 .debug_macro   0x000000000001da7c      0x21e Core/Src/main.o
 .debug_macro   0x000000000001dc9a       0x2e Core/Src/main.o
 .debug_macro   0x000000000001dcc8      0x11a Core/Src/main.o
 .debug_macro   0x000000000001dde2       0x7e Core/Src/main.o
 .debug_macro   0x000000000001de60       0x89 Core/Src/main.o
 .debug_macro   0x000000000001dee9      0x8a0 Core/Src/main.o
 .debug_macro   0x000000000001e789       0x47 Core/Src/main.o
 .debug_macro   0x000000000001e7d0      0x12d Core/Src/main.o
 .debug_macro   0x000000000001e8fd       0x28 Core/Src/main.o
 .debug_macro   0x000000000001e925      0x106 Core/Src/main.o
 .debug_macro   0x000000000001ea2b      0x15a Core/Src/main.o
 .debug_macro   0x000000000001eb85       0xe4 Core/Src/main.o
 .debug_macro   0x000000000001ec69       0x1c Core/Src/main.o
 .debug_macro   0x000000000001ec85       0x26 Core/Src/main.o
 .debug_macro   0x000000000001ecab      0x4d3 Core/Src/main.o
 .debug_macro   0x000000000001f17e       0xb5 Core/Src/main.o
 .debug_macro   0x000000000001f233       0xaa Core/Src/main.o
 .debug_macro   0x000000000001f2dd       0x80 Core/Src/main.o
 .debug_macro   0x000000000001f35d      0x1d3 Core/Src/stm32f4xx_hal_msp.o
 .debug_macro   0x000000000001f530      0x1c4 Core/Src/stm32f4xx_hal_timebase_tim.o
 .debug_macro   0x000000000001f6f4      0x1dd Core/Src/stm32f4xx_it.o
 .debug_macro   0x000000000001f8d1      0x1ca Core/Src/system_stm32f4xx.o
 .debug_macro   0x000000000001fa9b      0x224 Drivers/STM32F4xx_HAL_Driver/Src/stm32f4xx_hal.o
 .debug_macro   0x000000000001fcbf      0x1c4 Drivers/STM32F4xx_HAL_Driver/Src/stm32f4xx_hal_cortex.o
 .debug_macro   0x000000000001fe83      0x1fa Drivers/STM32F4xx_HAL_Driver/Src/stm32f4xx_hal_gpio.o
 .debug_macro   0x000000000002007d      0x1e8 Drivers/STM32F4xx_HAL_Driver/Src/stm32f4xx_hal_rcc.o
 .debug_macro   0x0000000000020265      0x1c5 Drivers/STM32F4xx_HAL_Driver/Src/stm32f4xx_hal_tim.o
 .debug_macro   0x000000000002042a      0x1c4 Drivers/STM32F4xx_HAL_Driver/Src/stm32f4xx_hal_tim_ex.o
 .debug_macro   0x00000000000205ee      0x196 FreeRTOS/ARM_CM4F/port.o
 .debug_macro   0x0000000000020784      0x106 FreeRTOS/ARM_CM4F/port.o
 .debug_macro   0x000000000002088a      0x1a1 FreeRTOS/heap_4.o
 .debug_macro   0x0000000000020a2b      0x17a FreeRTOS/list.o
 .debug_macro   0x0000000000020ba5      0x209 FreeRTOS/queue.o
 .debug_macro   0x0000000000020dae       0x16 FreeRTOS/queue.o
 .debug_macro   0x0000000000020dc4       0x20 FreeRTOS/queue.o
 .debug_macro   0x0000000000020de4      0x26c FreeRTOS/tasks.o
 .debug_macro   0x0000000000021050       0x10 FreeRTOS/tasks.o
 .debug_macro   0x0000000000021060      0x1cf FreeRTOS/timers.o
 .debug_macro   0x000000000002122f       0x97 FreeRTOS/timers.o

.debug_line     0x0000000000000000     0xad3d
 .debug_line    0x0000000000000000      0x896 Core/Src/main.o
 .debug_line    0x0000000000000896      0x685 Core/Src/stm32f4xx_hal_msp.o
 .debug_line    0x0000000000000f1b      0x6b9 Core/Src/stm32f4xx_hal_timebase_tim.o
 .debug_line    0x00000000000015d4      0x70b Core/Src/stm32f4xx_it.o
 .debug_line    0x0000000000001cdf      0x6a0 Core/Src/system_stm32f4xx.o
 .debug_line    0x000000000000237f       0x85 Core/Startup/startup_stm32f407vgtx.o
 .debug_line    0x0000000000002404      0x88a Drivers/STM32F4xx_HAL_Driver/Src/stm32f4xx_hal.o
 .debug_line    0x0000000000002c8e      0x9ae Drivers/STM32F4xx_HAL_Driver/Src/stm32f4xx_hal_cortex.o
 .debug_line    0x000000000000363c      0x869 Drivers/STM32F4xx_HAL_Driver/Src/stm32f4xx_hal_gpio.o
 .debug_line    0x0000000000003ea5      0x8e2 Drivers/STM32F4xx_HAL_Driver/Src/stm32f4xx_hal_rcc.o
 .debug_line    0x0000000000004787     0x1903 Drivers/STM32F4xx_HAL_Driver/Src/stm32f4xx_hal_tim.o
 .debug_line    0x000000000000608a      0xca0 Drivers/STM32F4xx_HAL_Driver/Src/stm32f4xx_hal_tim_ex.o
 .debug_line    0x0000000000006d2a      0x6c1 FreeRTOS/ARM_CM4F/port.o
 .debug_line    0x00000000000073eb      0x722 FreeRTOS/heap_4.o
 .debug_line    0x0000000000007b0d      0x64d FreeRTOS/list.o
 .debug_line    0x000000000000815a      0xf9b FreeRTOS/queue.o
 .debug_line    0x00000000000090f5     0x128a FreeRTOS/tasks.o
 .debug_line    0x000000000000a37f      0x9be FreeRTOS/timers.o

.debug_str      0x0000000000000000    0xcda99
 .debug_str     0x0000000000000000    0xc4fc2 Core/Src/main.o
                                      0xc530b (size before relaxing)
 .debug_str     0x00000000000c4fc2       0x2c Core/Src/stm32f4xx_hal_msp.o
                                      0xc0735 (size before relaxing)
 .debug_str     0x00000000000c4fee      0x57b Core/Src/stm32f4xx_hal_timebase_tim.o
                                      0xc1097 (size before relaxing)
 .debug_str     0x00000000000c5569       0xa6 Core/Src/stm32f4xx_it.o
                                      0xc0ad1 (size before relaxing)
 .debug_str     0x00000000000c560f       0xc4 Core/Src/system_stm32f4xx.o
                                      0xc0721 (size before relaxing)
 .debug_str     0x00000000000c56d3       0x36 Core/Startup/startup_stm32f407vgtx.o
                                         0x81 (size before relaxing)
 .debug_str     0x00000000000c5709      0x542 Drivers/STM32F4xx_HAL_Driver/Src/stm32f4xx_hal.o
                                      0xc11ee (size before relaxing)
 .debug_str     0x00000000000c5c4b      0x392 Drivers/STM32F4xx_HAL_Driver/Src/stm32f4xx_hal_cortex.o
                                      0xc0fdd (size before relaxing)
 .debug_str     0x00000000000c5fdd      0x20c Drivers/STM32F4xx_HAL_Driver/Src/stm32f4xx_hal_gpio.o
                                      0xc0960 (size before relaxing)
 .debug_str     0x00000000000c61e9      0x24f Drivers/STM32F4xx_HAL_Driver/Src/stm32f4xx_hal_rcc.o
                                      0xc0b0e (size before relaxing)
 .debug_str     0x00000000000c6438      0xd6f Drivers/STM32F4xx_HAL_Driver/Src/stm32f4xx_hal_tim.o
                                      0xc182d (size before relaxing)
 .debug_str     0x00000000000c71a7      0x4ec Drivers/STM32F4xx_HAL_Driver/Src/stm32f4xx_hal_tim_ex.o
                                      0xc102d (size before relaxing)
 .debug_str     0x00000000000c7693      0x84c FreeRTOS/ARM_CM4F/port.o
                                       0x85b5 (size before relaxing)
 .debug_str     0x00000000000c7edf     0x3217 FreeRTOS/heap_4.o
                                       0xafdb (size before relaxing)
 .debug_str     0x00000000000cb0f6      0x112 FreeRTOS/list.o
                                       0xa7f9 (size before relaxing)
 .debug_str     0x00000000000cb208      0x8b6 FreeRTOS/queue.o
                                       0xbefb (size before relaxing)
 .debug_str     0x00000000000cbabe     0x1ae7 FreeRTOS/tasks.o
                                       0xcb96 (size before relaxing)
 .debug_str     0x00000000000cd5a5      0x4f4 FreeRTOS/timers.o
                                       0xc2fc (size before relaxing)

.comment        0x0000000000000000       0x7b
 .comment       0x0000000000000000       0x7b Core/Src/main.o
                                         0x7c (size before relaxing)
 .comment       0x000000000000007b       0x7c Core/Src/stm32f4xx_hal_msp.o
 .comment       0x000000000000007b       0x7c Core/Src/stm32f4xx_hal_timebase_tim.o
 .comment       0x000000000000007b       0x7c Core/Src/stm32f4xx_it.o
 .comment       0x000000000000007b       0x7c Core/Src/system_stm32f4xx.o
 .comment       0x000000000000007b       0x7c Drivers/STM32F4xx_HAL_Driver/Src/stm32f4xx_hal.o
 .comment       0x000000000000007b       0x7c Drivers/STM32F4xx_HAL_Driver/Src/stm32f4xx_hal_cortex.o
 .comment       0x000000000000007b       0x7c Drivers/STM32F4xx_HAL_Driver/Src/stm32f4xx_hal_gpio.o
 .comment       0x000000000000007b       0x7c Drivers/STM32F4xx_HAL_Driver/Src/stm32f4xx_hal_rcc.o
 .comment       0x000000000000007b       0x7c Drivers/STM32F4xx_HAL_Driver/Src/stm32f4xx_hal_tim.o
 .comment       0x000000000000007b       0x7c Drivers/STM32F4xx_HAL_Driver/Src/stm32f4xx_hal_tim_ex.o
 .comment       0x000000000000007b       0x7c FreeRTOS/ARM_CM4F/port.o
 .comment       0x000000000000007b       0x7c FreeRTOS/heap_4.o
 .comment       0x000000000000007b       0x7c FreeRTOS/list.o
 .comment       0x000000000000007b       0x7c FreeRTOS/queue.o
 .comment       0x000000000000007b       0x7c FreeRTOS/tasks.o
 .comment       0x000000000000007b       0x7c FreeRTOS/timers.o

.debug_frame    0x0000000000000000     0x3a1c
 .debug_frame   0x0000000000000000      0x114 Core/Src/main.o
 .debug_frame   0x0000000000000114       0x38 Core/Src/stm32f4xx_hal_msp.o
 .debug_frame   0x000000000000014c       0x74 Core/Src/stm32f4xx_hal_timebase_tim.o
 .debug_frame   0x00000000000001c0       0xc4 Core/Src/stm32f4xx_it.o
 .debug_frame   0x0000000000000284       0x58 Core/Src/system_stm32f4xx.o
 .debug_frame   0x00000000000002dc      0x374 Drivers/STM32F4xx_HAL_Driver/Src/stm32f4xx_hal.o
 .debug_frame   0x0000000000000650      0x498 Drivers/STM32F4xx_HAL_Driver/Src/stm32f4xx_hal_cortex.o
 .debug_frame   0x0000000000000ae8      0x14c Drivers/STM32F4xx_HAL_Driver/Src/stm32f4xx_hal_gpio.o
 .debug_frame   0x0000000000000c34      0x1f0 Drivers/STM32F4xx_HAL_Driver/Src/stm32f4xx_hal_rcc.o
 .debug_frame   0x0000000000000e24     0x10f0 Drivers/STM32F4xx_HAL_Driver/Src/stm32f4xx_hal_tim.o
 .debug_frame   0x0000000000001f14      0x5c0 Drivers/STM32F4xx_HAL_Driver/Src/stm32f4xx_hal_tim_ex.o
 .debug_frame   0x00000000000024d4      0x1a8 FreeRTOS/ARM_CM4F/port.o
 .debug_frame   0x000000000000267c      0x108 FreeRTOS/heap_4.o
 .debug_frame   0x0000000000002784       0xd8 FreeRTOS/list.o
 .debug_frame   0x000000000000285c      0x530 FreeRTOS/queue.o
 .debug_frame   0x0000000000002d8c      0x854 FreeRTOS/tasks.o
 .debug_frame   0x00000000000035e0      0x368 FreeRTOS/timers.o
 .debug_frame   0x0000000000003948       0x2c /opt/st/stm32cubeide_1.5.1/plugins/com.st.stm32cube.ide.mcu.externaltools.gnu-tools-for-stm32.7-2018-q2-update.linux64_1.5.0.202011040924/tools/bin/../lib/gcc/arm-none-eabi/7.3.1/../../../../arm-none-eabi/lib/thumb/v7e-m/fpv4-sp/hard/libc_nano.a(lib_a-init.o)
 .debug_frame   0x0000000000003974       0x28 /opt/st/stm32cubeide_1.5.1/plugins/com.st.stm32cube.ide.mcu.externaltools.gnu-tools-for-stm32.7-2018-q2-update.linux64_1.5.0.202011040924/tools/bin/../lib/gcc/arm-none-eabi/7.3.1/../../../../arm-none-eabi/lib/thumb/v7e-m/fpv4-sp/hard/libc_nano.a(lib_a-memcpy-stub.o)
 .debug_frame   0x000000000000399c       0x20 /opt/st/stm32cubeide_1.5.1/plugins/com.st.stm32cube.ide.mcu.externaltools.gnu-tools-for-stm32.7-2018-q2-update.linux64_1.5.0.202011040924/tools/bin/../lib/gcc/arm-none-eabi/7.3.1/../../../../arm-none-eabi/lib/thumb/v7e-m/fpv4-sp/hard/libc_nano.a(lib_a-memset.o)
 .debug_frame   0x00000000000039bc       0x2c /opt/st/stm32cubeide_1.5.1/plugins/com.st.stm32cube.ide.mcu.externaltools.gnu-tools-for-stm32.7-2018-q2-update.linux64_1.5.0.202011040924/tools/bin/../lib/gcc/arm-none-eabi/7.3.1/thumb/v7e-m/fpv4-sp/hard/libgcc.a(_aeabi_uldivmod.o)
 .debug_frame   0x00000000000039e8       0x34 /opt/st/stm32cubeide_1.5.1/plugins/com.st.stm32cube.ide.mcu.externaltools.gnu-tools-for-stm32.7-2018-q2-update.linux64_1.5.0.202011040924/tools/bin/../lib/gcc/arm-none-eabi/7.3.1/thumb/v7e-m/fpv4-sp/hard/libgcc.a(_udivmoddi4.o)
